{'declaration': 'base/105/LOG.md NSR1', 'instrument': 'ES', 'rows': 25288, 'clusters': 4088, 'clusters_without_eligible_close': 625, 'representatives': 3463, 'twin_share': 0.2172, 'unit': 'absorbing episode'}
confirmed all     ep  1510 fork  1483 status {'a_first': 787, 'b_first': 577, 'same_minute': 53, 'censored_horizon': 33, 'censored_window': 32, 'b_at_entry': 25, 'a_at_entry': 2, 'censored_gap': 1}
   prefix {'minutes_t0_to_q': 24.0, 'run_t0_q': 1.75, 'M_minus_b': 4.75, 'close_q_from_b': 2.5, 'zone_age_d': 2.22, 'share_touched_b_before_q': 0.707} remaining {'d_median': 2.5, 's_median': 1.75, 'p0_mean': 0.4332, 'minutes_held_median': 3.0}
   Y 0.423 p0 0.4337 X {'n': 1364, 'mean': -0.0107, 't': -0.9, 'days': 874}
   G {'n': 1430, 'mean': -0.2159, 't': -1.33, 'days': 905} lo -0.2357 (t -1.51) hi -0.1731 (t -1.11)
   ret  net adv -0.9857 (t -6.3) fav -0.9231 (t -5.91) | contract share 0.982 adv -0.9099 (t -6.82)
   cont net adv -0.5769 (t -3.69) fav -0.5143 (t -3.29) | contract share 0.939 adv -0.7317 (t -6.42)
confirmed 2006-12 ep   430 fork   422 status {'a_first': 200, 'b_first': 185, 'censored_window': 13, 'same_minute': 13, 'censored_horizon': 11, 'b_at_entry': 7, 'a_at_entry': 1}
   prefix {'minutes_t0_to_q': 24.0, 'run_t0_q': 1.0, 'M_minus_b': 3.25, 'close_q_from_b': 1.62, 'zone_age_d': 1.79, 'share_touched_b_before_q': 0.714} remaining {'d_median': 1.75, 's_median': 1.25, 'p0_mean': 0.4581, 'minutes_held_median': 3.0}
   Y 0.4805 p0 0.4614 X {'n': 385, 'mean': 0.0192, 't': 0.88, 'days': 282}
   G {'n': 409, 'mean': 0.1608, 't': 1.2, 'days': 296} lo 0.1428 (t 1.1) hi 0.1706 (t 1.31)
   ret  net adv -0.6072 (t -4.68) fav -0.5794 (t -4.46) | contract share 1.0 adv -0.6072 (t -4.68)
   cont net adv -0.9206 (t -7.09) fav -0.8928 (t -6.88) | contract share 0.998 adv -0.8616 (t -7.31)
confirmed 2013-19 ep   431 fork   417 status {'a_first': 220, 'b_first': 173, 'b_at_entry': 14, 'same_minute': 13, 'censored_horizon': 7, 'censored_window': 4}
   prefix {'minutes_t0_to_q': 16.0, 'run_t0_q': 1.0, 'M_minus_b': 3.25, 'close_q_from_b': 1.75, 'zone_age_d': 2.74, 'share_touched_b_before_q': 0.661} remaining {'d_median': 1.75, 's_median': 1.5, 'p0_mean': 0.4493, 'minutes_held_median': 2.0}
   Y 0.4402 p0 0.4508 X {'n': 393, 'mean': -0.0106, 't': -0.49, 'days': 275}
   G {'n': 404, 'mean': 0.1132, 't': 0.75, 'days': 280} lo 0.0935 (t 0.64) hi 0.1343 (t 0.91)
   ret  net adv -0.6565 (t -4.47) fav -0.6157 (t -4.19) | contract share 1.0 adv -0.6565 (t -4.47)
   cont net adv -0.8843 (t -6.02) fav -0.8435 (t -5.74) | contract share 0.993 adv -0.8641 (t -5.98)
confirmed 2020-25 ep   649 fork   644 status {'a_first': 367, 'b_first': 219, 'same_minute': 27, 'censored_window': 15, 'censored_horizon': 15, 'b_at_entry': 4, 'a_at_entry': 1, 'censored_gap': 1}
   prefix {'minutes_t0_to_q': 29.0, 'run_t0_q': 3.75, 'M_minus_b': 9.0, 'close_q_from_b': 4.75, 'zone_age_d': 2.73, 'share_touched_b_before_q': 0.733} remaining {'d_median': 4.75, 's_median': 2.75, 'p0_mean': 0.4064, 'minutes_held_median': 3.0}
   Y 0.3737 p0 0.404 X {'n': 586, 'mean': -0.0303, 't': -1.65, 'days': 317}
   G {'n': 617, 'mean': -0.6811, 't': -1.97, 'days': 329} lo -0.6968 (t -2.11) hi -0.5974 (t -1.81)
   ret  net adv -1.4468 (t -4.37) fav -1.3474 (t -4.08) | contract share 0.958 adv -1.2881 (t -4.6)
   cont net adv -0.1526 (t -0.46) fav -0.0532 (t -0.16) | contract share 0.866 adv -0.5354 (t -2.17)
flicker   all     ep  1201 fork    22 status {'b_at_entry': 1179, 'b_first': 19, 'same_minute': 2, 'a_first': 1}
   prefix {'minutes_t0_to_q': 39.0, 'run_t0_q': -3.25, 'M_minus_b': 2.25, 'close_q_from_b': -2.5, 'zone_age_d': 2.28, 'share_touched_b_before_q': 1.0} remaining {'d_median': 0.25, 's_median': 1.62, 'p0_mean': 0.8315, 'minutes_held_median': 1.0}
   Y 0.95 p0 0.8385 X {'n': 20, 'mean': 0.1115, 't': 1.98, 'days': 20}
   G {'n': 20, 'mean': 0.1125, 't': 0.84, 'days': 20} lo 0.0114 (t 0.08) hi 0.125 (t 1.02)
   ret  net adv -0.7386 (t -5.16) fav -0.625 (t -5.12) | contract share 1.0 adv -0.7386 (t -5.16)
   cont net adv -0.875 (t -7.16) fav -0.7614 (t -5.31) | contract share 1.0 adv -0.875 (t -7.16)
flicker   2006-12 ep   322 fork     6 status {'b_at_entry': 316, 'b_first': 5, 'same_minute': 1}
   prefix {'minutes_t0_to_q': 37.0, 'run_t0_q': -2.0, 'M_minus_b': 1.25, 'close_q_from_b': -1.38, 'zone_age_d': 2.21, 'share_touched_b_before_q': 1.0} remaining {'d_median': 0.25, 's_median': 0.75, 'p0_mean': 0.7719, 'minutes_held_median': 1.0}
   Y 1.0 p0 0.7929 X {'n': 5, 'mean': 0.2071, 't': 4.98, 'days': 5}
   G {'n': 5, 'mean': 0.25, 't': None, 'days': 5} lo 0.125 (t 1.1) hi 0.25 (t None)
   ret  net adv -0.625 (t -5.48) fav -0.5 (t None) | contract share 1.0 adv -0.625 (t -5.48)
   cont net adv -1.0 (t None) fav -0.875 (t -7.67) | contract share 1.0 adv -1.0 (t None)
flicker   2013-19 ep   394 fork    12 status {'b_at_entry': 382, 'b_first': 11, 'same_minute': 1}
   prefix {'minutes_t0_to_q': 31.0, 'run_t0_q': -2.25, 'M_minus_b': 1.5, 'close_q_from_b': -1.75, 'zone_age_d': 1.92, 'share_touched_b_before_q': 1.0} remaining {'d_median': 0.25, 's_median': 1.62, 'p0_mean': 0.8328, 'minutes_held_median': 1.0}
   Y 1.0 p0 0.8306 X {'n': 11, 'mean': 0.1694, 't': 6.3, 'days': 11}
   G {'n': 11, 'mean': 0.25, 't': None, 'days': 11} lo 0.1042 (t 0.75) hi 0.25 (t None)
   ret  net adv -0.6458 (t -4.63) fav -0.5 (t None) | contract share 1.0 adv -0.6458 (t -4.63)
   cont net adv -1.0 (t None) fav -0.8542 (t -6.12) | contract share 1.0 adv -1.0 (t None)
flicker   2020-25 ep   485 fork     4 status {'b_at_entry': 481, 'b_first': 3, 'a_first': 1}
   prefix {'minutes_t0_to_q': 45.0, 'run_t0_q': -6.25, 'M_minus_b': 4.5, 'close_q_from_b': -5.25, 'zone_age_d': 2.7, 'share_touched_b_before_q': 1.0} remaining {'d_median': 0.25, 's_median': 3.0, 'p0_mean': 0.9171, 'minutes_held_median': 1.0}
   Y 0.75 p0 0.9171 X {'n': 4, 'mean': -0.1671, 't': -0.78, 'days': 4}
   G {'n': 4, 'mean': -0.4375, 't': -0.73, 'days': 4} lo -0.4375 (t -0.73) hi -0.4375 (t -0.73)
   ret  net adv -1.1875 (t -1.99) fav -1.1875 (t -1.99) | contract share 1.0 adv -1.1875 (t -1.99)
   cont net adv -0.3125 (t -0.52) fav -0.3125 (t -0.52) | contract share 1.0 adv -0.3125 (t -0.52)
contrast G confirmed - flicker: {'2006-12': {'diff': -0.0892, 't': -0.67}, '2013-19': {'diff': -0.1368, 't': -0.9}, '2020-25': {'diff': -0.2436, 't': -0.33}, 'all': {'diff': -0.3284, 't': -1.49}}
confirmed minute_ignition fork 1351 G {'n': 1332, 'mean': -0.2187, 't': -1.27, 'days': 853} X {'n': 1266, 'mean': -0.0181, 't': -1.47, 'days': 820}
confirmed native_confirmation fork 132 G {'n': 98, 'mean': -0.1786, 't': -0.6, 'days': 94} X {'n': 98, 'mean': 0.0853, 't': 1.96, 'days': 94}
asymmetry: False {'G_pts_lo': False, 'G_pts_hi': False} money: None None
